
### provider_sub   分组 = country
分组                    页数      槽位      模板槽位      占比     页内重复  判读
argentina             10     867       664     77%       41  ❌ 需动手
australia             10     887       700     79%       41  ❌ 需动手
austria               10     869       680     78%       41  ❌ 需动手
belgium               10     871       690     79%       41  ❌ 需动手
brazil                10     878       701     80%       33  ❌ 需动手
canada                10     877       702     80%       41  ❌ 需动手
china                 10     874       698     80%       41  ❌ 需动手
colombia              10     867       666     77%       50  ❌ 需动手
costa-rica            10     868       690     79%       51  ❌ 需动手
croatia               10     863       680     79%       41  ❌ 需动手
czechia               10     873       690     79%       41  ❌ 需动手
egypt                 10     873       690     79%       32  ❌ 需动手
fiji                   9     752       590     78%       30  ❌ 需动手
france                10     877       702     80%       41  ❌ 需动手
georgia               10     862       664     77%       41  ❌ 需动手
germany               10     878       702     80%       41  ❌ 需动手
greece                10     873       690     79%       41  ❌ 需动手
hong-kong             10     876       708     81%       42  ❌ 需动手
iceland               10     875       698     80%       41  ❌ 需动手
india                 10     868       691     80%       41  ❌ 需动手
indonesia             10     876       690     79%       41  ❌ 需动手
ireland               10     871       690     79%       41  ❌ 需动手
israel                10     870       680     78%       32  ❌ 需动手
italy                 10     906       731     81%       41  ❌ 需动手
japan                 10     927       752     81%       41  ❌ 需动手
kenya                 10     855       664     78%       50  ❌ 需动手
macao                 10     862       678     79%       41  ❌ 需动手
malaysia              10     877       690     79%       41  ❌ 需动手
mexico                10     873       698     80%       42  ❌ 需动手
morocco               10     870       680     78%       32  ❌ 需动手
netherlands           10     873       690     79%       41  ❌ 需动手
new-zealand           10     874       707     81%       33  ❌ 需动手
peru                  10     871       688     79%       50  ❌ 需动手
philippines           10     862       688     80%       32  ❌ 需动手
poland                10     885       716     81%       41  ❌ 需动手
portugal              10     873       690     79%       41  ❌ 需动手
qatar                 10     863       672     78%       24  ❌ 需动手
saudi-arabia          10     875       707     81%       33  ❌ 需动手
singapore             10     874       690     79%       32  ❌ 需动手
south-africa          10     877       708     81%       42  ❌ 需动手
south-korea           10     872       709     81%       51  ❌ 需动手
spain                 10     885       710     80%       41  ❌ 需动手
switzerland           10     880       702     80%       41  ❌ 需动手
taiwan                10     876       707     81%       33  ❌ 需动手
thailand              10     878       702     80%       41  ❌ 需动手
turkiye               10     874       701     80%       41  ❌ 需动手
united-arab-emirates    10     873       707     81%       33  ❌ 需动手
united-kingdom        10     874       701     80%       41  ❌ 需动手
united-states         10     877       702     80%       33  ❌ 需动手
vietnam               10     876       690     79%       41  ❌ 需动手
