
### country   分组 = all
分组                    页数      槽位      模板槽位      占比     页内重复  判读
_all                  51    6768      4364     64%      687  ❌ 需动手

### guides   分组 = all
分组                    页数      槽位      模板槽位      占比     页内重复  判读
_all                  10     819         0      0%        5  ✅ 健康

### networks   分组 = all
分组                    页数      槽位      模板槽位      占比     页内重复  判读
_all                  12    1501       279     19%       22  ✅ 健康

### provider_hub   分组 = all
分组                    页数      槽位      模板槽位      占比     页内重复  判读
_all                  10    1453       996     69%      236  ❌ 需动手

### provider_sub   分组 = all
分组                    页数      槽位      模板槽位      占比     页内重复  判读
_all                 499   40735     23990     59%     3953  ❌ 需动手

### research   分组 = all
分组                    页数      槽位      模板槽位      占比     页内重复  判读

### vs   分组 = all
分组                    页数      槽位      模板槽位      占比     页内重复  判读
_all                  45    3375      2952     87%     1890  ❌ 需动手
