
### provider_sub   分组 = brand
分组                    页数      槽位      模板槽位      占比     页内重复  判读
airalo                50    4048      3507     87%      379  ❌ 需动手
       50/50  #% off your first order (new customers) — code NEWTO@#
       50/50  Applies at @ checkout on top of the prices below.
       50/50  Entry price is $# against the country floor of $#.
       50/50  # plans · # trip lengths · # to # days
       50/50  Prices in USD as listed by @, excluding promo codes and taxes.
       50/50  Last checked Sep #, #.
       50/50  Price is only half of the decision.
       50/50  Tethering is allowed and counted against your plan&##;s data allowance, with no separate hotspot limit and no 
alosim                50    4012      3455     86%      385  ❌ 需动手
       50/50  #% off every plan — code ESIMTWEAKS
       50/50  Applies at @ checkout on top of the prices below.
       50/50  Entry price is $# against the country floor of $#.
       50/50  # plans · # trip lengths · # to # days
       50/50  Prices in USD as listed by @, excluding promo codes and taxes.
       50/50  Last checked Sep #, #.
       50/50  Price is only half of the decision.
       50/50  Tethering is permitted and shares the same data pool as the phone, with no separate hotspot tier.
holafly               50    4300      3880     90%      491  ❌ 需动手
       50/50  #% off all destination eSIMs — code M@NOW#
       50/50  Applies at @ checkout on top of the prices below.
       50/50  That caps your downside on heavy-data trips — but two weeks at that rate costs more than most metered buckets,
       50/50  The country benchmark to compare it against is $#/GB .
       50/50  # plans · # trip lengths · # to # days
       50/50  Prices in USD as listed by @, excluding promo codes and taxes.
       50/50  Last checked Sep #, #.
       50/50  Price is only half of the decision.
jetpac                49    3965      3465     87%      344  ❌ 需动手
       49/49  #% off eSIM plans — code ESIM#
       49/49  Applies at @ checkout on top of the prices below.
       49/49  Entry price is $# against the country floor of $#.
       49/49  # plans · # trip lengths · # to # days
       49/49  Prices in USD as listed by @, excluding promo codes and taxes.
       49/49  Last checked Oct #, #.
       49/49  Price is only half of the decision.
       49/49  Shared with your plan data
nomad                 50    4125      3538     86%      373  ❌ 需动手
       50/50  #% off selected plans (autumn campaign) — code BEYOND#
       50/50  Applies at @ checkout on top of the prices below.
       50/50  Entry price is $# against the country floor of $#.
       50/50  # plans · # trip lengths · # to # days
       50/50  Prices in USD as listed by @, excluding promo codes and taxes.
       50/50  Last checked Oct #, #.
       50/50  Price is only half of the decision.
       50/50  Shared with your plan data
roami                 50    4031      3514     87%      351  ❌ 需动手
       50/50  #% off your entire order — code web#
       50/50  Applies at @ checkout on top of the prices below.
       50/50  Entry price is $# against the country floor of $#.
       50/50  # plans · # trip lengths · # to # days
       50/50  Prices in USD as listed by @, excluding promo codes and taxes.
       50/50  Last checked Sep #, #.
       50/50  Price is only half of the decision.
       50/50  @ advertises free hotspot sharing on every plan for up to five devices, with tethering traffic counted against
roamic                50    4205      3617     86%      543  ❌ 需动手
       50/50  #% off all plans — code F@#
       50/50  Applies at @ checkout on top of the prices below.
       50/50  Entry price is $# against the country floor of $#.
       50/50  # plans · # trip lengths · # to # days
       50/50  Prices in USD as listed by @, excluding promo codes and taxes.
       50/50  Last checked Sep #, #.
       50/50  Price is only half of the decision.
       50/50  @&##;s product pages list hotspot as supported.
saily                 50    4035      3482     86%      397  ❌ 需动手
       50/50  #% off @ eSIMs — code VEEPEE#
       50/50  Applies at @ checkout on top of the prices below.
       50/50  Entry price is $# against the country floor of $#.
       50/50  # plans · # trip lengths · # to # days
       50/50  Prices in USD as listed by @, excluding promo codes and taxes.
       50/50  Last checked Sep #, #.
       50/50  Price is only half of the decision.
       50/50  @ advertises unrestricted hotspot sharing; tethering data is drawn from the same plan allowance as your phone.
ubigi                 50    3869      3395     88%      255  ❌ 需动手
       50/50  #% off unlimited-data plans — code PROMO#
       50/50  Applies at @ checkout on top of the prices below.
       50/50  Entry price is $# against the country floor of $#.
       50/50  # plans · # trip lengths · # to # days
       50/50  Prices in USD as listed by @, excluding promo codes and taxes.
       50/50  Last checked Sep #, #.
       50/50  Price is only half of the decision.
       50/50  Data sharing is explicitly allowed and hotspot traffic counts against the plan&##;s own allowance rather than 
yesim                 50    4145      3657     88%      435  ❌ 需动手
       50/50  #% off @ eSIM plans — code DREWDEAL
       50/50  Applies at @ checkout on top of the prices below.
       50/50  Entry price is $# against the country floor of $#.
       50/50  # plans · # trip lengths · # to # days
       50/50  Prices in USD as listed by @, excluding promo codes and taxes.
       50/50  Last checked Sep #, #.
       50/50  Price is only half of the decision.
       50/50  Hotspot use is permitted and normally drawn from the plan&##;s own data pool rather than a separate tethering 
