
### provider_sub   分组 = country
分组                    页数      槽位      模板槽位      占比     页内重复  判读
argentina             10     808       594     74%       74  ❌ 需动手
australia             10     830       612     74%       81  ❌ 需动手
austria               10     811       594     73%       77  ❌ 需动手
belgium               10     814       602     74%       81  ❌ 需动手
brazil                10     822       611     74%       77  ❌ 需动手
canada                10     821       612     75%       85  ❌ 需动手
china                 10     817       610     75%       82  ❌ 需动手
colombia              10     808       596     74%       83  ❌ 需动手
costa-rica            10     810       604     75%       87  ❌ 需动手
croatia               10     806       592     73%       81  ❌ 需动手
czechia               10     816       602     74%       81  ❌ 需动手
egypt                 10     816       602     74%       72  ❌ 需动手
fiji                   9     699       527     75%       60  ❌ 需动手
france                10     821       612     75%       85  ❌ 需动手
georgia               10     802       594     74%       70  ❌ 需动手
germany               10     822       612     74%       85  ❌ 需动手
greece                10     816       602     74%       81  ❌ 需动手
hong-kong             10     819       620     76%       82  ❌ 需动手
iceland               10     818       610     75%       81  ❌ 需动手
india                 10     812       601     74%       85  ❌ 需动手
indonesia             10     819       602     74%       81  ❌ 需动手
ireland               10     814       602     74%       81  ❌ 需动手
israel                10     812       594     73%       69  ❌ 需动手
italy                 10     850       641     75%       85  ❌ 需动手
japan                 10     851       642     75%       85  ❌ 需动手
kenya                 10     794       594     75%       76  ❌ 需动手
macao                 10     803       608     76%       74  ❌ 需动手
malaysia              10     820       602     73%       81  ❌ 需动手
mexico                10     816       610     75%       82  ❌ 需动手
morocco               10     812       594     73%       68  ❌ 需动手
netherlands           10     816       602     74%       81  ❌ 需动手
new-zealand           10     817       619     76%       73  ❌ 需动手
peru                  10     813       602     74%       86  ❌ 需动手
philippines           10     805       600     75%       72  ❌ 需动手
poland                10     828       628     76%       81  ❌ 需动手
portugal              10     816       602     74%       81  ❌ 需动手
qatar                 10     805       586     73%       60  ❌ 需动手
saudi-arabia          10     818       619     76%       73  ❌ 需动手
singapore             10     817       602     74%       72  ❌ 需动手
south-africa          10     820       620     76%       82  ❌ 需动手
south-korea           10     815       621     76%       91  ❌ 需动手
spain                 10     829       620     75%       85  ❌ 需动手
switzerland           10     824       612     74%       85  ❌ 需动手
taiwan                10     819       619     76%       73  ❌ 需动手
thailand              10     822       612     74%       85  ❌ 需动手
turkiye               10     818       611     75%       85  ❌ 需动手
united-arab-emirates    10     816       619     76%       73  ❌ 需动手
united-kingdom        10     818       611     75%       85  ❌ 需动手
united-states         10     821       612     75%       77  ❌ 需动手
vietnam               10     819       602     74%       81  ❌ 需动手
