holafly: 50 countries to fetch
[1/50] argentina -> esim-argentina: 6 plans
[2/50] australia -> esim-australia: 6 plans
[3/50] austria -> esim-austria: 6 plans
[4/50] belgium -> esim-belgium: 6 plans
[5/50] brazil -> esim-brazil: 6 plans
[6/50] canada -> esim-canada: 6 plans
[7/50] china -> esim-china: 6 plans
[8/50] colombia -> esim-colombia: 6 plans
[9/50] costa-rica -> esim-costa-rica: 6 plans
[10/50] croatia -> esim-croatia: 6 plans
[11/50] czechia -> esim-czech-republic: 6 plans
[12/50] egypt -> esim-egypt: 6 plans
[13/50] fiji -> esim-fiji: 5 plans
[14/50] france -> esim-france: 6 plans
[15/50] georgia -> esim-georgia: 6 plans
[16/50] germany -> esim-germany: 6 plans
[17/50] greece -> esim-greece: 6 plans
[18/50] hong-kong -> esim-hong-kong: 6 plans
[19/50] iceland -> esim-iceland: 6 plans
[20/50] india -> esim-india: 6 plans
[21/50] indonesia -> esim-indonesia: 6 plans
[22/50] ireland -> esim-ireland: 6 plans
[23/50] israel -> esim-israel: 6 plans
[24/50] italy -> esim-italy: 6 plans
[25/50] japan -> esim-japan: 6 plans
[26/50] kenya -> esim-kenya: 6 plans
[27/50] macao -> esim-macau: 6 plans
[28/50] malaysia -> esim-malaysia: 6 plans
[29/50] mexico -> esim-mexico: 6 plans
[30/50] morocco -> esim-morocco: 6 plans
[31/50] netherlands -> esim-netherlands: 6 plans
[32/50] new-zealand -> esim-new-zealand: 6 plans
[33/50] peru -> esim-peru: 6 plans
[34/50] philippines -> esim-philippines: 6 plans
[35/50] poland -> esim-poland: 6 plans
[36/50] portugal -> esim-portugal: 6 plans
[37/50] qatar -> esim-qatar: 6 plans
[38/50] saudi-arabia -> esim-saudi-arabia: 6 plans
[39/50] singapore -> esim-singapore: 6 plans
[40/50] south-africa -> esim-south-africa: 6 plans
[41/50] south-korea -> esim-south-korea: 6 plans
[42/50] spain -> esim-spain: 6 plans
[43/50] switzerland -> esim-switzerland: 6 plans
[44/50] taiwan -> esim-taiwan: 6 plans
[45/50] thailand -> esim-thailand: 6 plans
[46/50] turkiye -> esim-turkey: 6 plans
[47/50] united-arab-emirates: NOT FOUND (['esim-united-arab-emirates', 'esim-uae'])
[48/50] united-kingdom -> esim-united-kingdom: 6 plans
[49/50] united-states -> esim-usa: 6 plans
[50/50] vietnam -> esim-vietnam: 6 plans
holafly done: 49/50 with plans
