
### airalo: 2 countries to fetch
[1/2] costa-rica (/esimdb: costa-rica) ...
    200, 28 plans (tab: Single-country
28)
[2/2] fiji (/esimdb: fiji) ...
    200, 14 plans (tab: Single-country
14)
=== airalo: ok=2 empty=[] 404=[] fail=[]

### saily: 50 countries to fetch
[1/50] argentina (/esimdb: argentina) ...
    200, 5 plans (tab: Single-country
5)
[2/50] australia (/esimdb: australia) ...
    200, 11 plans (tab: Single-country
11)
[3/50] austria (/esimdb: austria) ...
    200, 10 plans (tab: Single-country
10)
[4/50] belgium (/esimdb: belgium) ...
    200, 10 plans (tab: Single-country
10)
[5/50] brazil (/esimdb: brazil) ...
    200, 11 plans (tab: Single-country
11)
[6/50] canada (/esimdb: canada) ...
    200, 11 plans (tab: Single-country
11)
[7/50] china (/esimdb: china) ...
    200, 11 plans (tab: Single-country
11)
[8/50] colombia (/esimdb: colombia) ...
    200, 5 plans (tab: Single-country
5)
[9/50] costa-rica (/esimdb: costa-rica) ...
    200, 5 plans (tab: Single-country
5)
[10/50] croatia (/esimdb: croatia) ...
    200, 10 plans (tab: Single-country
10)
[11/50] czechia (/esimdb: czechia) ...
    200, 10 plans (tab: Single-country
10)
[12/50] egypt (/esimdb: egypt) ...
    200, 4 plans (tab: Single-country
4)
[13/50] fiji (/esimdb: fiji) ...
    200, 2 plans (tab: Single-country
2)
[14/50] france (/esimdb: france) ...
    200, 10 plans (tab: Single-country
10)
[15/50] georgia (/esimdb: georgia) ...
    200, 5 plans (tab: Single-country
5)
[16/50] germany (/esimdb: germany) ...
    200, 10 plans (tab: Single-country
10)
[17/50] greece (/esimdb: greece) ...
    200, 11 plans (tab: Single-country
11)
[18/50] hong-kong (/esimdb: hong-kong) ...
    200, 11 plans (tab: Single-country
11)
[19/50] iceland (/esimdb: iceland) ...
    200, 11 plans (tab: Single-country
11)
[20/50] india (/esimdb: india) ...
    200, 11 plans (tab: Single-country
11)
[21/50] indonesia (/esimdb: indonesia) ...
    200, 11 plans (tab: Single-country
11)
[22/50] ireland (/esimdb: ireland) ...
    200, 10 plans (tab: Single-country
10)
[23/50] israel (/esimdb: israel) ...
    200, 11 plans (tab: Single-country
11)
[24/50] italy (/esimdb: italy) ...
    200, 11 plans (tab: Single-country
11)
[25/50] japan (/esimdb: japan) ...
    200, 12 plans (tab: Single-country
12)
[26/50] kenya (/esimdb: kenya) ...
    200, 4 plans (tab: Single-country
4)
[27/50] macao (/esimdb: macau) ...
    200, 5 plans (tab: Single-country
5)
[28/50] malaysia (/esimdb: malaysia) ...
    200, 11 plans (tab: Single-country
11)
[29/50] mexico (/esimdb: mexico) ...
    200, 11 plans (tab: Single-country
11)
[30/50] morocco (/esimdb: morocco) ...
    200, 4 plans (tab: Single-country
4)
[31/50] netherlands (/esimdb: netherlands) ...
    200, 11 plans (tab: Single-country
11)
[32/50] new-zealand (/esimdb: new-zealand) ...
    200, 11 plans (tab: Single-country
11)
[33/50] peru (/esimdb: peru) ...
    200, 5 plans (tab: Single-country
5)
[34/50] philippines (/esimdb: philippines) ...
    200, 11 plans (tab: Single-country
11)
[35/50] poland (/esimdb: poland) ...
    200, 11 plans (tab: Single-country
11)
[36/50] portugal (/esimdb: portugal) ...
    200, 10 plans (tab: Single-country
10)
[37/50] qatar (/esimdb: qatar) ...
    200, 5 plans (tab: Single-country
5)
[38/50] saudi-arabia (/esimdb: saudi-arabia) ...
    200, 11 plans (tab: Single-country
11)
[39/50] singapore (/esimdb: singapore) ...
    200, 11 plans (tab: Single-country
11)
[40/50] south-africa (/esimdb: south-africa) ...
    200, 11 plans (tab: Single-country
11)
[41/50] south-korea (/esimdb: south-korea) ...
    200, 11 plans (tab: Single-country
11)
[42/50] spain (/esimdb: spain) ...
    200, 10 plans (tab: Single-country
10)
[43/50] switzerland (/esimdb: switzerland) ...
    200, 10 plans (tab: Single-country
10)
[44/50] taiwan (/esimdb: taiwan) ...
    200, 11 plans (tab: Single-country
11)
[45/50] thailand (/esimdb: thailand) ...
    200, 12 plans (tab: Single-country
12)
[46/50] turkiye (/esimdb: turkey) ...
    200, 11 plans (tab: Single-country
11)
[47/50] united-arab-emirates (/esimdb: uae) ...
    200, 11 plans (tab: Single-country
11)
[48/50] united-kingdom (/esimdb: uk) ...
    200, 11 plans (tab: Single-country
11)
[49/50] united-states (/esimdb: usa) ...
    200, 12 plans (tab: Single-country
12)
[50/50] vietnam (/esimdb: vietnam) ...
    200, 11 plans (tab: Single-country
11)
=== saily: ok=50 empty=[] 404=[] fail=[]

### yesim: 50 countries to fetch
[1/50] argentina (/esimdb: argentina) ...
    200, 36 plans (tab: Single-country
36)
[2/50] australia (/esimdb: australia) ...
    200, 37 plans (tab: Single-country
37)
[3/50] austria (/esimdb: austria) ...
    200, 36 plans (tab: Single-country
36)
[4/50] belgium (/esimdb: belgium) ...
    200, 36 plans (tab: Single-country
36)
[5/50] brazil (/esimdb: brazil) ...
    200, 36 plans (tab: Single-country
36)
[6/50] canada (/esimdb: canada) ...
    200, 36 plans (tab: Single-country
36)
[7/50] china (/esimdb: china) ...
    200, 37 plans (tab: Single-country
37)
[8/50] colombia (/esimdb: colombia) ...
    200, 35 plans (tab: Single-country
35)
[9/50] costa-rica (/esimdb: costa-rica) ...
    200, 35 plans (tab: Single-country
35)
[10/50] croatia (/esimdb: croatia) ...
    200, 36 plans (tab: Single-country
36)
[11/50] czechia (/esimdb: czechia) ...
    200, 36 plans (tab: Single-country
36)
[12/50] egypt (/esimdb: egypt) ...
    200, 38 plans (tab: Single-country
38)
[13/50] fiji (/esimdb: fiji) ...
    200, 9 plans (tab: )
[14/50] france (/esimdb: france) ...
    200, 36 plans (tab: Single-country
36)
[15/50] georgia (/esimdb: georgia) ...
    200, 37 plans (tab: Single-country
37)
[16/50] germany (/esimdb: germany) ...
    200, 36 plans (tab: Single-country
36)
[17/50] greece (/esimdb: greece) ...
    200, 36 plans (tab: Single-country
36)
[18/50] hong-kong (/esimdb: hong-kong) ...
    200, 36 plans (tab: Single-country
36)
[19/50] iceland (/esimdb: iceland) ...
    200, 10 plans (tab: Single-country
10)
[20/50] india (/esimdb: india) ...
    200, 37 plans (tab: Single-country
37)
[21/50] indonesia (/esimdb: indonesia) ...
    200, 37 plans (tab: Single-country
37)
[22/50] ireland (/esimdb: ireland) ...
    200, 36 plans (tab: Single-country
36)
[23/50] israel (/esimdb: israel) ...
    200, 36 plans (tab: Single-country
36)
[24/50] italy (/esimdb: italy) ...
    200, 36 plans (tab: Single-country
36)
[25/50] japan (/esimdb: japan) ...
    200, 35 plans (tab: Single-country
35)
[26/50] kenya (/esimdb: kenya) ...
    200, 35 plans (tab: Single-country
35)
[27/50] macao (/esimdb: macau) ...
    200, 9 plans (tab: Single-country
9)
[28/50] malaysia (/esimdb: malaysia) ...
    200, 36 plans (tab: Single-country
36)
[29/50] mexico (/esimdb: mexico) ...
    200, 35 plans (tab: Single-country
35)
[30/50] morocco (/esimdb: morocco) ...
    200, 37 plans (tab: Single-country
37)
[31/50] netherlands (/esimdb: netherlands) ...
    200, 36 plans (tab: Single-country
36)
[32/50] new-zealand (/esimdb: new-zealand) ...
    200, 36 plans (tab: Single-country
36)
[33/50] peru (/esimdb: peru) ...
    200, 9 plans (tab: Single-country
9)
[34/50] philippines (/esimdb: philippines) ...
    200, 37 plans (tab: Single-country
37)
[35/50] poland (/esimdb: poland) ...
    200, 36 plans (tab: Single-country
36)
[36/50] portugal (/esimdb: portugal) ...
    200, 36 plans (tab: Single-country
36)
[37/50] qatar (/esimdb: qatar) ...
    200, 37 plans (tab: Single-country
37)
[38/50] saudi-arabia (/esimdb: saudi-arabia) ...
    200, 37 plans (tab: Single-country
37)
[39/50] singapore (/esimdb: singapore) ...
    200, 36 plans (tab: Single-country
36)
[40/50] south-africa (/esimdb: south-africa) ...
    200, 9 plans (tab: Single-country
9)
[41/50] south-korea (/esimdb: south-korea) ...
    200, 34 plans (tab: Single-country
34)
[42/50] spain (/esimdb: spain) ...
    200, 36 plans (tab: Single-country
36)
[43/50] switzerland (/esimdb: switzerland) ...
    200, 36 plans (tab: Single-country
36)
[44/50] taiwan (/esimdb: taiwan) ...
    200, 11 plans (tab: Single-country
11)
[45/50] thailand (/esimdb: thailand) ...
    200, 37 plans (tab: Single-country
37)
[46/50] turkiye (/esimdb: turkey) ...
    200, 40 plans (tab: Single-country
40)
[47/50] united-arab-emirates (/esimdb: uae) ...
    200, 37 plans (tab: Single-country
37)
[48/50] united-kingdom (/esimdb: uk) ...
    200, 36 plans (tab: Single-country
36)
[49/50] united-states (/esimdb: usa) ...
    200, 36 plans (tab: Single-country
36)
[50/50] vietnam (/esimdb: vietnam) ...
    200, 37 plans (tab: Single-country
37)
=== yesim: ok=50 empty=[] 404=[] fail=[]

### ubigi: 50 countries to fetch
[1/50] argentina (/esimdb: argentina) ...
    200, 7 plans (tab: Single-country
7)
[2/50] australia (/esimdb: australia) ...
    200, 9 plans (tab: Single-country
9)
[3/50] austria (/esimdb: austria) ...
    200, 7 plans (tab: Single-country
7)
[4/50] belgium (/esimdb: belgium) ...
    200, 10 plans (tab: Single-country
10)
[5/50] brazil (/esimdb: brazil) ...
    200, 11 plans (tab: Single-country
11)
[6/50] canada (/esimdb: canada) ...
    200, 12 plans (tab: Single-country
12)
[7/50] china (/esimdb: china) ...
    200, 9 plans (tab: Single-country
9)
[8/50] colombia (/esimdb: colombia) ...
    200, 6 plans (tab: Single-country
6)
[9/50] costa-rica (/esimdb: costa-rica) ...
    200, 8 plans (tab: Single-country
8)
[10/50] croatia (/esimdb: croatia) ...
    200, 6 plans (tab: Single-country
6)
[11/50] czechia (/esimdb: czechia) ...
    200, 7 plans (tab: Single-country
7)
[12/50] egypt (/esimdb: egypt) ...
    200, 8 plans (tab: Single-country
8)
[13/50] fiji (/esimdb: fiji) ...
    200, 2 plans (tab: Single-country
2)
[14/50] france (/esimdb: france) ...
    200, 15 plans (tab: Single-country
15)
[15/50] georgia (/esimdb: georgia) ...
    200, 7 plans (tab: Single-country
7)
[16/50] germany (/esimdb: germany) ...
    200, 14 plans (tab: Single-country
14)
[17/50] greece (/esimdb: greece) ...
    200, 8 plans (tab: Single-country
8)
[18/50] hong-kong (/esimdb: hong-kong) ...
    200, 10 plans (tab: Single-country
10)
[19/50] iceland (/esimdb: iceland) ...
    200, 5 plans (tab: Single-country
5)
[20/50] india (/esimdb: india) ...
    200, 12 plans (tab: Single-country
12)
[21/50] indonesia (/esimdb: indonesia) ...
    200, 8 plans (tab: Single-country
8)
[22/50] ireland (/esimdb: ireland) ...
    200, 7 plans (tab: Single-country
7)
[23/50] israel (/esimdb: israel) ...
    200, 7 plans (tab: Single-country
7)
[24/50] italy (/esimdb: italy) ...
    200, 13 plans (tab: Single-country
13)
[25/50] japan (/esimdb: japan) ...
    200, 15 plans (tab: Single-country
15)
[26/50] kenya (/esimdb: kenya) ...
    200, 9 plans (tab: Single-country
9)
[27/50] macao (/esimdb: macau) ...
    200, 6 plans (tab: Single-country
6)
[28/50] malaysia (/esimdb: malaysia) ...
    200, 7 plans (tab: Single-country
7)
[29/50] mexico (/esimdb: mexico) ...
    200, 6 plans (tab: Single-country
6)
[30/50] morocco (/esimdb: morocco) ...
    200, 8 plans (tab: Single-country
8)
[31/50] netherlands (/esimdb: netherlands) ...
    200, 8 plans (tab: Single-country
8)
[32/50] new-zealand (/esimdb: new-zealand) ...
    200, 7 plans (tab: Single-country
7)
[33/50] peru (/esimdb: peru) ...
    200, 7 plans (tab: Single-country
7)
[34/50] philippines (/esimdb: philippines) ...
    200, 9 plans (tab: Single-country
9)
[35/50] poland (/esimdb: poland) ...
    200, 9 plans (tab: Single-country
9)
[36/50] portugal (/esimdb: portugal) ...
    200, 10 plans (tab: Single-country
10)
[37/50] qatar (/esimdb: qatar) ...
    200, 4 plans (tab: Single-country
4)
[38/50] saudi-arabia (/esimdb: saudi-arabia) ...
    200, 4 plans (tab: Single-country
4)
[39/50] singapore (/esimdb: singapore) ...
    200, 11 plans (tab: Single-country
11)
[40/50] south-africa (/esimdb: south-africa) ...
    200, 9 plans (tab: Single-country
9)
[41/50] south-korea (/esimdb: south-korea) ...
    200, 10 plans (tab: Single-country
10)
[42/50] spain (/esimdb: spain) ...
    200, 12 plans (tab: Single-country
12)
[43/50] switzerland (/esimdb: switzerland) ...
    200, 13 plans (tab: Single-country
13)
[44/50] taiwan (/esimdb: taiwan) ...
    200, 10 plans (tab: Single-country
10)
[45/50] thailand (/esimdb: thailand) ...
    200, 13 plans (tab: Single-country
13)
[46/50] turkiye (/esimdb: turkey) ...
    200, 10 plans (tab: Single-country
10)
[47/50] united-arab-emirates (/esimdb: uae) ...
    200, 11 plans (tab: Single-country
11)
[48/50] united-kingdom (/esimdb: uk) ...
    200, 14 plans (tab: Single-country
14)
[49/50] united-states (/esimdb: usa) ...
    200, 44 plans (tab: )
[50/50] vietnam (/esimdb: vietnam) ...
    200, 9 plans (tab: Single-country
9)
=== ubigi: ok=50 empty=[] 404=[] fail=[]

### roamic: 50 countries to fetch
[1/50] argentina (/esimdb: argentina) ...
    200, 35 plans (tab: Single-country
35)
[2/50] australia (/esimdb: australia) ...
    200, 36 plans (tab: )
[3/50] austria (/esimdb: austria) ...
    200, 36 plans (tab: Single-country
36)
[4/50] belgium (/esimdb: belgium) ...
    200, 36 plans (tab: Single-country
36)
[5/50] brazil (/esimdb: brazil) ...
    200, 36 plans (tab: Single-country
36)
[6/50] canada (/esimdb: canada) ...
    200, 36 plans (tab: Single-country
36)
[7/50] china (/esimdb: china) ...
    200, 36 plans (tab: )
[8/50] colombia (/esimdb: colombia) ...
    200, 35 plans (tab: Single-country
35)
[9/50] costa-rica (/esimdb: costa-rica) ...
    200, 36 plans (tab: Single-country
36)
[10/50] croatia (/esimdb: croatia) ...
    200, 36 plans (tab: Single-country
36)
[11/50] czechia (/esimdb: czechia) ...
    200, 35 plans (tab: Single-country
35)
[12/50] egypt (/esimdb: egypt) ...
    200, 35 plans (tab: Single-country
35)
[13/50] fiji (/esimdb: fiji) ...
    200, 35 plans (tab: )
[14/50] france (/esimdb: france) ...
    200, 36 plans (tab: )
[15/50] georgia (/esimdb: georgia) ...
    200, 35 plans (tab: )
[16/50] germany (/esimdb: germany) ...
    200, 36 plans (tab: Single-country
36)
[17/50] greece (/esimdb: greece) ...
    200, 36 plans (tab: Single-country
36)
[18/50] hong-kong (/esimdb: hong-kong) ...
    200, 36 plans (tab: )
[19/50] iceland (/esimdb: iceland) ...
    200, 36 plans (tab: Single-country
36)
[20/50] india (/esimdb: india) ...
    200, 36 plans (tab: )
[21/50] indonesia (/esimdb: indonesia) ...
    200, 36 plans (tab: )
[22/50] ireland (/esimdb: ireland) ...
    200, 36 plans (tab: Single-country
36)
[23/50] israel (/esimdb: israel) ...
    200, 36 plans (tab: Single-country
36)
[24/50] italy (/esimdb: italy) ...
    200, 36 plans (tab: Single-country
36)
[25/50] japan (/esimdb: japan) ...
    200, 36 plans (tab: )
[26/50] kenya (/esimdb: kenya) ...
    200, 35 plans (tab: Single-country
35)
[27/50] macao (/esimdb: macau) ...
    200, 36 plans (tab: )
[28/50] malaysia (/esimdb: malaysia) ...
    200, 36 plans (tab: )
[29/50] mexico (/esimdb: mexico) ...
    200, 36 plans (tab: Single-country
36)
=== resume Wed Sep 30 20:46:04     2026 ===

### roamic: 21 countries to fetch
[1/21] morocco (/esimdb: morocco) ...
    200, 36 plans (tab: Single-country
36)
[2/21] netherlands (/esimdb: netherlands) ...
    200, 36 plans (tab: Single-country
36)
[3/21] new-zealand (/esimdb: new-zealand) ...
    200, 36 plans (tab: )
[4/21] peru (/esimdb: peru) ...
    200, 36 plans (tab: Single-country
36)
[5/21] philippines (/esimdb: philippines) ...
    200, 36 plans (tab: )
[6/21] poland (/esimdb: poland) ...
    200, 36 plans (tab: Single-country
36)
[7/21] portugal (/esimdb: portugal) ...
    200, 36 plans (tab: Single-country
36)
[8/21] qatar (/esimdb: qatar) ...
    200, 35 plans (tab: Single-country
35)
[9/21] saudi-arabia (/esimdb: saudi-arabia) ...
    200, 36 plans (tab: Single-country
36)
[10/21] singapore (/esimdb: singapore) ...
    200, 36 plans (tab: )
[11/21] south-africa (/esimdb: south-africa) ...
    200, 35 plans (tab: Single-country
35)
[12/21] south-korea (/esimdb: south-korea) ...
    200, 36 plans (tab: )
[13/21] spain (/esimdb: spain) ...
    200, 36 plans (tab: Single-country
36)
[14/21] switzerland (/esimdb: switzerland) ...
    200, 36 plans (tab: Single-country
36)
[15/21] taiwan (/esimdb: taiwan) ...
    200, 36 plans (tab: )
[16/21] thailand (/esimdb: thailand) ...
    200, 36 plans (tab: )
[17/21] turkiye (/esimdb: turkey) ...
    200, 36 plans (tab: Single-country
36)
[18/21] united-arab-emirates (/esimdb: uae) ...
    200, 36 plans (tab: Single-country
36)
[19/21] united-kingdom (/esimdb: uk) ...
    200, 36 plans (tab: Single-country
36)
[20/21] united-states (/esimdb: usa) ...
    200, 36 plans (tab: Single-country
36)
[21/21] vietnam (/esimdb: vietnam) ...
    200, 36 plans (tab: )
=== roamic: ok=21 empty=[] 404=[] fail=[]

### alosim: 50 countries to fetch
[1/50] argentina (/esimdb: argentina) ...
    200, 12 plans (tab: Single-country
12)
[2/50] australia (/esimdb: australia) ...
    200, 12 plans (tab: Single-country
12)
[3/50] austria (/esimdb: austria) ...
    200, 12 plans (tab: Single-country
12)
[4/50] belgium (/esimdb: belgium) ...
    200, 32 plans (tab: Single-country
32)
[5/50] brazil (/esimdb: brazil) ...
    200, 12 plans (tab: Single-country
12)
[6/50] canada (/esimdb: canada) ...
    200, 32 plans (tab: Single-country
32)
[7/50] china (/esimdb: china) ...
    200, 32 plans (tab: Single-country
32)
[8/50] colombia (/esimdb: colombia) ...
    200, 12 plans (tab: Single-country
12)
[9/50] costa-rica (/esimdb: costa-rica) ...
    200, 12 plans (tab: Single-country
12)
[10/50] croatia (/esimdb: croatia) ...
    200, 32 plans (tab: Single-country
32)
[11/50] czechia (/esimdb: czechia) ...
    200, 12 plans (tab: Single-country
12)
[12/50] egypt (/esimdb: egypt) ...
    200, 12 plans (tab: Single-country
12)
[13/50] fiji (/esimdb: fiji) ...
    200, 10 plans (tab: Single-country
10)
[14/50] france (/esimdb: france) ...
    200, 32 plans (tab: Single-country
32)
[15/50] georgia (/esimdb: georgia) ...
    200, 6 plans (tab: Single-country
6)
[16/50] germany (/esimdb: germany) ...
    200, 32 plans (tab: Single-country
32)
[17/50] greece (/esimdb: greece) ...
    200, 32 plans (tab: Single-country
32)
[18/50] hong-kong (/esimdb: hong-kong) ...
    200, 12 plans (tab: Single-country
12)
[19/50] iceland (/esimdb: iceland) ...
    200, 12 plans (tab: Single-country
12)
[20/50] india (/esimdb: india) ...
    200, 12 plans (tab: Single-country
12)
[21/50] indonesia (/esimdb: indonesia) ...
    200, 12 plans (tab: Single-country
12)
[22/50] ireland (/esimdb: ireland) ...
    200, 32 plans (tab: Single-country
32)
[23/50] israel (/esimdb: israel) ...
    200, 12 plans (tab: Single-country
12)
[24/50] italy (/esimdb: italy) ...
    200, 32 plans (tab: Single-country
32)
[25/50] japan (/esimdb: japan) ...
    200, 32 plans (tab: Single-country
32)
[26/50] kenya (/esimdb: kenya) ...
    200, 4 plans (tab: Single-country
4)
[27/50] macao (/esimdb: macau) ...
    200, 7 plans (tab: Single-country
7)
[28/50] malaysia (/esimdb: malaysia) ...
    200, 12 plans (tab: Single-country
12)
[29/50] mexico (/esimdb: mexico) ...
    200, 12 plans (tab: Single-country
12)
[30/50] morocco (/esimdb: morocco) ...
    200, 8 plans (tab: Single-country
8)
[31/50] netherlands (/esimdb: netherlands) ...
    200, 32 plans (tab: Single-country
32)
[32/50] new-zealand (/esimdb: new-zealand) ...
    200, 12 plans (tab: Single-country
12)
[33/50] peru (/esimdb: peru) ...
    200, 12 plans (tab: Single-country
12)
[34/50] philippines (/esimdb: philippines) ...
    200, 32 plans (tab: Single-country
32)
[35/50] poland (/esimdb: poland) ...
    200, 12 plans (tab: Single-country
12)
[36/50] portugal (/esimdb: portugal) ...
    200, 32 plans (tab: Single-country
32)
[37/50] qatar (/esimdb: qatar) ...
    200, 12 plans (tab: Single-country
12)
[38/50] saudi-arabia (/esimdb: saudi-arabia) ...
    200, 11 plans (tab: Single-country
11)
[39/50] singapore (/esimdb: singapore) ...
    200, 12 plans (tab: Single-country
12)
[40/50] south-africa (/esimdb: south-africa) ...
    200, 12 plans (tab: Single-country
12)
[41/50] south-korea (/esimdb: south-korea) ...
    200, 12 plans (tab: Single-country
12)
[42/50] spain (/esimdb: spain) ...
    200, 32 plans (tab: Single-country
32)
[43/50] switzerland (/esimdb: switzerland) ...
    200, 12 plans (tab: Single-country
12)
[44/50] taiwan (/esimdb: taiwan) ...
    200, 12 plans (tab: Single-country
12)
[45/50] thailand (/esimdb: thailand) ...
    200, 12 plans (tab: Single-country
12)
[46/50] turkiye (/esimdb: turkey) ...
    200, 32 plans (tab: Single-country
32)
[47/50] united-arab-emirates (/esimdb: uae) ...
    200, 12 plans (tab: Single-country
12)
[48/50] united-kingdom (/esimdb: uk) ...
    200, 33 plans (tab: Single-country
33)
[49/50] united-states (/esimdb: usa) ...
    200, 32 plans (tab: Single-country
32)
[50/50] vietnam (/esimdb: vietnam) ...
    200, 12 plans (tab: Single-country
12)
=== alosim: ok=50 empty=[] 404=[] fail=[]
